src/pages/approvals/components/tabs/ManufacturersApprovalsTab.tsx(2,34): error TS2724: '"../../../../services/partsApi"' has no exported member named 'ManufacturerCreate'. Did you mean 'Manufacturer'?
src/pages/approvals/components/tabs/ManufacturersApprovalsTab.tsx(101,25): error TS2339: Property 'mfg_id' does not exist on type 'Manufacturer'.
src/pages/approvals/components/tabs/ManufacturersApprovalsTab.tsx(157,80): error TS2339: Property 'mfg_id' does not exist on type 'Manufacturer'.
src/pages/approvals/PendingApprovals_BACKUP.tsx(276,36): error TS2551: Property 'description_pr' does not exist on type 'HSCode'. Did you mean 'description_fr'?
src/pages/approvals/PendingApprovals_BACKUP.tsx(587,61): error TS2551: Property 'description_pr' does not exist on type 'HSCode'. Did you mean 'description_fr'?
src/pages/approvals/PendingApprovals_BACKUP.tsx(589,118): error TS2551: Property 'description_pr' does not exist on type 'HSCode'. Did you mean 'description_fr'?
src/pages/approvals/PendingApprovals_BACKUP.tsx(718,41): error TS2322: Type 'string | undefined' is not assignable to type 'string'.
  Type 'undefined' is not assignable to type 'string'.
src/pages/Dashboard.tsx(30,11): error TS6133: 'handleLogout' is declared but its value is never read.
src/pages/parts/PartDetailContent.tsx(12,72): error TS6133: 'onClose' is declared but its value is never read.
src/pages/parts/PartForm.tsx(12,9): error TS2353: Object literal may only specify known properties, and 'part_number' does not exist in type 'Partial<Part> | (() => Partial<Part>)'.
src/pages/parts/PartForm.tsx(69,43): error TS2345: Argument of type 'Partial<Part>' is not assignable to parameter of type 'PartCreate'.
  Types of property 'part_id' are incompatible.
    Type 'string | undefined' is not assignable to type 'string'.
      Type 'undefined' is not assignable to type 'string'.
src/pages/parts/PartForm.tsx(129,49): error TS2339: Property 'part_number' does not exist on type 'Partial<Part>'.
src/pages/parts/PartForm.tsx(144,49): error TS2339: Property 'name' does not exist on type 'Partial<Part>'.
src/pages/parts/PartForm.tsx(158,49): error TS2339: Property 'description' does not exist on type 'Partial<Part>'.
src/pages/parts/PartForm.tsx(171,49): error TS2339: Property 'category_id' does not exist on type 'Partial<Part>'.
src/pages/parts/PartForm.tsx(176,78): error TS2339: Property 'name' does not exist on type 'Category'.
src/pages/parts/PartForm.tsx(189,49): error TS2551: Property 'manufacturer_id' does not exist on type 'Partial<Part>'. Did you mean 'manufacturer'?
src/pages/parts/PartForm.tsx(194,78): error TS2339: Property 'name' does not exist on type 'Manufacturer'.
src/pages/parts/PartForm.tsx(209,49): error TS2551: Property 'weight_kg' does not exist on type 'Partial<Part>'. Did you mean 'weight'?
src/pages/parts/PartForm.tsx(220,51): error TS2339: Property 'is_active' does not exist on type 'Partial<Part>'.
src/pages/parts/PartList.tsx(16,12): error TS6133: 'positions' is declared but its value is never read.
src/pages/parts/PartList.tsx(514,41): error TS2322: Type 'string | undefined' is not assignable to type 'string'.
  Type 'undefined' is not assignable to type 'string'.
src/pages/quotes/ExtractedQuoteUpload.tsx(204,11): error TS6133: 'handleCreatePort' is declared but its value is never read.
